../Core/Src/main.c:56:6:MPU6050_Init	32	static
../Core/Src/main.c:89:6:MPU6050_ReadAccel	88	static
../Core/Src/main.c:114:6:MPU6050_ReadGyro	96	static
../Core/Src/main.c:155:6:ComplementaryFilter	120	static
../Core/Src/main.c:172:6:ControlLEDs	24	static
../Core/Src/main.c:218:5:extractGPGGA	32	static
../Core/Src/main.c:238:6:parseGPGGA	72	static
../Core/Src/main.c:259:5:main	488	static
../Core/Src/main.c:343:6:SystemClock_Config	88	static
../Core/Src/main.c:386:13:MX_I2C1_Init	8	static
../Core/Src/main.c:403:13:MX_USART3_UART_Init	8	static
../Core/Src/main.c:419:13:MX_GPIO_Init	48	static
../Core/Src/main.c:460:6:Error_Handler	4	static,ignoring_inline_asm
