20:07:18 **** Incremental Build of configuration Debug for project Pothole_Detector ****
make -j16 all 
arm-none-eabi-gcc -o "Pothole_Detector.elf" @"objects.list"   -mcpu=cortex-m3 -T"C:\Users\dmitr\Documents\Pothole_Detector_Project\Pothole_Detector_Stm32\Pothole_Detector\STM32F103C8TX_FLASH.ld" --specs=nosys.specs -Wl,-Map="Pothole_Detector.map" -Wl,--gc-sections -static --specs=nano.specs -mfloat-abi=soft -mthumb -u _printf_float -Wl,--start-group -lc -lm -Wl,--end-group
Finished building target: Pothole_Detector.elf
 
arm-none-eabi-size   Pothole_Detector.elf 
arm-none-eabi-objdump -h -S  Pothole_Detector.elf  > "Pothole_Detector.list"
arm-none-eabi-objcopy  -O ihex  Pothole_Detector.elf  "Pothole_Detector.hex"
   text	   data	    bss	    dec	    hex	filename
  34396	    496	   2120	  37012	   9094	Pothole_Detector.elf
Finished building: default.size.stdout
 
Finished building: Pothole_Detector.hex
 
Finished building: Pothole_Detector.list
 
20:07:22 **** Incremental Build of configuration Debug for project Pothole_Detector ****
make -j16 all 
arm-none-eabi-size   Pothole_Detector.elf 
   text	   data	    bss	    dec	    hex	filename
  34396	    496	   2120	  37012	   9094	Pothole_Detector.elf
Finished building: default.size.stdout
 
