../Drivers/CMSIS/Include/core_cm4.h:2064:26:ITM_SendChar	16	static,ignoring_inline_asm
../Core/Src/main.c:67:5:_write	32	static
../Core/Src/main.c:77:6:MPU6050_Init	32	static
../Core/Src/main.c:110:6:MPU6050_Read_Accel	32	static
../Core/Src/main.c:135:6:MPU6050_Read_Gyro	56	static
../Core/Src/main.c:172:6:ComplementaryFilter	64	static
../Core/Src/main.c:190:6:ControlLEDs	24	static
../Core/Src/main.c:237:5:main	8	static
../Core/Src/main.c:289:6:SystemClock_Config	88	static
../Core/Src/main.c:335:13:MX_I2C1_Init	8	static
../Core/Src/main.c:369:13:MX_GPIO_Init	48	static
../Core/Src/main.c:420:6:Error_Handler	4	static,ignoring_inline_asm
