../Core/Src/WH1602.c:73:7:LCD_Delay_us	24	static
../Core/Src/WH1602.c:80:7:LCD_Delay_ms	16	static
../Core/Src/WH1602.c:89:6:LCD_Init	32	static
../Core/Src/WH1602.c:137:6:LCD_Clear	8	static
../Core/Src/WH1602.c:143:6:LCD_Puts	16	static
../Core/Src/WH1602.c:172:6:LCD_DisplayOn	8	static
../Core/Src/WH1602.c:178:6:LCD_DisplayOff	8	static
../Core/Src/WH1602.c:184:6:LCD_BlinkOn	8	static
../Core/Src/WH1602.c:190:6:LCD_BlinkOff	8	static
../Core/Src/WH1602.c:196:6:LCD_CursorOn	8	static
../Core/Src/WH1602.c:202:6:LCD_CursorOff	8	static
../Core/Src/WH1602.c:208:6:LCD_ScrollLeft	8	static
../Core/Src/WH1602.c:213:6:LCD_ScrollRight	8	static
../Core/Src/WH1602.c:218:6:LCD_CreateChar	24	static
../Core/Src/WH1602.c:230:6:LCD_Read_str	16	static
../Core/Src/WH1602.c:252:6:LCD_PutCustom	16	static
../Core/Src/WH1602.c:258:13:LCD_Cmd	16	static
../Core/Src/WH1602.c:265:13:LCD_Data	16	static
../Core/Src/WH1602.c:272:16:LCD_Read_char	16	static
../Core/Src/WH1602.c:284:16:LCD_Data_read	16	static
../Core/Src/WH1602.c:300:13:LCD_setpin_in	32	static
../Core/Src/WH1602.c:319:13:LCD_setpin_out	32	static
../Core/Src/WH1602.c:338:13:LCD_Cmd4bit	16	static
../Core/Src/WH1602.c:347:13:LCD_CursorSet	24	static
../Core/Src/WH1602.c:357:6:LCD_Put	16	static
